

processing file: report.qmd
1/57                 
2/57 [packages]      
3/57                 
4/57 [setup]         
5/57                 
6/57 [toggle-assets] 
7/57                 
8/57 [kappa]         
9/57                 
10/57 [tbl1]          
11/57                 
12/57 [rob-table]     
13/57                 
14/57 [rob-plot]      
15/57                 
16/57 [fig-forest]    
17/57                 
18/57 [tbl-prior-en]  
19/57                 
20/57 [tbl-prior-it]  
21/57                 
22/57 [brms-fit]      
23/57                 
24/57 [tbl-confirm-en]
25/57                 
26/57 [tbl-confirm-it]
27/57                 
28/57 [fig-trace]     
29/57                 
30/57 [fig-funnel]    
31/57                 
32/57 [fig-loo]       
33/57                 
34/57 [doxy-sens]     
35/57                 
36/57 [tbl-doxy-en]   
37/57                 
38/57 [tbl-doxy-it]   
39/57                 
40/57 [fig-doxy]      
41/57                 
42/57 [tbl-sub-en]    
43/57                 
44/57 [tbl-sub-it]    
45/57                 
46/57 [fig-metareg]   
47/57                 
48/57 [fig-metareg2]  
49/57                 
50/57 [tbl-mr2-en]    
51/57                 
52/57 [tbl-mr2-it]    
53/57                 
54/57 [fig-tariq]     
55/57                 
56/57 [fig-rob]       
57/57                 
output file: report.knit.md

Warning message:
In prettyNum(.Internal(format(x, trim, digits, nsmall, width, 3L,  :
  'big.mark' and 'decimal.mark' are both '.', which could be confusing
pandoc 
  to: html
  output-file: report.html
  standalone: true
  title-prefix: Tetracyclines & C. difficile
  section-divs: true
  html-math-method: mathjax
  wrap: none
  default-image-extension: png
  toc: false
  
metadata
  document-css: false
  link-citations: true
  date-format: long
  lang: en
  theme: cosmo
  title: Tetracyclines and the risk of *Clostridioides difficile* infection
  subtitle: Updated systematic review & Bayesian random-effects meta-analysis
  date: today
  bibliography:
    - references.bib
  


processing file: report.qmd
1/57                 
2/57 [packages]      
3/57                 
4/57 [setup]         
WARN: Error encountered when rendering files
